// Jest Snapshot v1, https://goo.gl/fbAQLP

exports[`files routes GET /files returns 422 response if the URL is invalid 1`] = `
Object {
  "error": "Unprocessable Entity",
  "message": "invalid-url",
  "statusCode": 422,
}
`;

exports[`files routes GET /files returns a 404 when called with an unencoded articleUrl 1`] = `
Object {
  "error": "Not Found",
  "message": "Not Found",
  "statusCode": 404,
}
`;

exports[`files routes GET /files returns a 500 response for a generic error 1`] = `
Object {
  "error": "Internal Server Error",
  "message": "An internal server error occurred",
  "statusCode": 500,
}
`;

exports[`files routes GET /files returns a 503 response when the wiki api is not reachable 1`] = `
Object {
  "error": "Service Unavailable",
  "message": "api-unavailable",
  "statusCode": 503,
}
`;

exports[`files routes GET /files returns a list of all files from the given article 1`] = `
Array [
  Object {
    "file": "File:image.jpg",
    "url": "https://en.wikipedia.org/wiki/File:image.jpg",
  },
]
`;
